Archive member included to satisfy reference by file (symbol)

e:/prog_files/stmicroelectronics/stm32cubeide_1.3.0/stm32cubeide/plugins/com.st.stm32cube.ide.mcu.externaltools.gnu-tools-for-stm32.7-2018-q2-update.win32_1.0.0.201904181610/tools/bin/../lib/gcc/arm-none-eabi/7.3.1/../../../../arm-none-eabi/lib/thumb/v7-m\libc_nano.a(lib_a-errno.o)
                              Src/syscalls.o (__errno)
e:/prog_files/stmicroelectronics/stm32cubeide_1.3.0/stm32cubeide/plugins/com.st.stm32cube.ide.mcu.externaltools.gnu-tools-for-stm32.7-2018-q2-update.win32_1.0.0.201904181610/tools/bin/../lib/gcc/arm-none-eabi/7.3.1/../../../../arm-none-eabi/lib/thumb/v7-m\libc_nano.a(lib_a-exit.o)
                              e:/prog_files/stmicroelectronics/stm32cubeide_1.3.0/stm32cubeide/plugins/com.st.stm32cube.ide.mcu.externaltools.gnu-tools-for-stm32.7-2018-q2-update.win32_1.0.0.201904181610/tools/bin/../lib/gcc/arm-none-eabi/7.3.1/../../../../arm-none-eabi/lib/thumb/v7-m/crt0.o (exit)
e:/prog_files/stmicroelectronics/stm32cubeide_1.3.0/stm32cubeide/plugins/com.st.stm32cube.ide.mcu.externaltools.gnu-tools-for-stm32.7-2018-q2-update.win32_1.0.0.201904181610/tools/bin/../lib/gcc/arm-none-eabi/7.3.1/../../../../arm-none-eabi/lib/thumb/v7-m\libc_nano.a(lib_a-impure.o)
                              e:/prog_files/stmicroelectronics/stm32cubeide_1.3.0/stm32cubeide/plugins/com.st.stm32cube.ide.mcu.externaltools.gnu-tools-for-stm32.7-2018-q2-update.win32_1.0.0.201904181610/tools/bin/../lib/gcc/arm-none-eabi/7.3.1/../../../../arm-none-eabi/lib/thumb/v7-m\libc_nano.a(lib_a-exit.o) (_global_impure_ptr)
e:/prog_files/stmicroelectronics/stm32cubeide_1.3.0/stm32cubeide/plugins/com.st.stm32cube.ide.mcu.externaltools.gnu-tools-for-stm32.7-2018-q2-update.win32_1.0.0.201904181610/tools/bin/../lib/gcc/arm-none-eabi/7.3.1/../../../../arm-none-eabi/lib/thumb/v7-m\libc_nano.a(lib_a-init.o)
                              e:/prog_files/stmicroelectronics/stm32cubeide_1.3.0/stm32cubeide/plugins/com.st.stm32cube.ide.mcu.externaltools.gnu-tools-for-stm32.7-2018-q2-update.win32_1.0.0.201904181610/tools/bin/../lib/gcc/arm-none-eabi/7.3.1/../../../../arm-none-eabi/lib/thumb/v7-m/crt0.o (__libc_init_array)
e:/prog_files/stmicroelectronics/stm32cubeide_1.3.0/stm32cubeide/plugins/com.st.stm32cube.ide.mcu.externaltools.gnu-tools-for-stm32.7-2018-q2-update.win32_1.0.0.201904181610/tools/bin/../lib/gcc/arm-none-eabi/7.3.1/../../../../arm-none-eabi/lib/thumb/v7-m\libc_nano.a(lib_a-memset.o)
                              e:/prog_files/stmicroelectronics/stm32cubeide_1.3.0/stm32cubeide/plugins/com.st.stm32cube.ide.mcu.externaltools.gnu-tools-for-stm32.7-2018-q2-update.win32_1.0.0.201904181610/tools/bin/../lib/gcc/arm-none-eabi/7.3.1/../../../../arm-none-eabi/lib/thumb/v7-m/crt0.o (memset)

Allocating common symbols
Common symbol       size              file

uwTick              0x4               Drivers/STM32F1xx_HAL_Driver/Src/stm32f1xx_hal.o
pFlash              0x20              Drivers/STM32F1xx_HAL_Driver/Src/stm32f1xx_hal_flash.o

Discarded input sections

 .text          0x0000000000000000        0x0 e:/prog_files/stmicroelectronics/stm32cubeide_1.3.0/stm32cubeide/plugins/com.st.stm32cube.ide.mcu.externaltools.gnu-tools-for-stm32.7-2018-q2-update.win32_1.0.0.201904181610/tools/bin/../lib/gcc/arm-none-eabi/7.3.1/thumb/v7-m/crti.o
 .data          0x0000000000000000        0x0 e:/prog_files/stmicroelectronics/stm32cubeide_1.3.0/stm32cubeide/plugins/com.st.stm32cube.ide.mcu.externaltools.gnu-tools-for-stm32.7-2018-q2-update.win32_1.0.0.201904181610/tools/bin/../lib/gcc/arm-none-eabi/7.3.1/thumb/v7-m/crti.o
 .bss           0x0000000000000000        0x0 e:/prog_files/stmicroelectronics/stm32cubeide_1.3.0/stm32cubeide/plugins/com.st.stm32cube.ide.mcu.externaltools.gnu-tools-for-stm32.7-2018-q2-update.win32_1.0.0.201904181610/tools/bin/../lib/gcc/arm-none-eabi/7.3.1/thumb/v7-m/crti.o
 .data          0x0000000000000000        0x4 e:/prog_files/stmicroelectronics/stm32cubeide_1.3.0/stm32cubeide/plugins/com.st.stm32cube.ide.mcu.externaltools.gnu-tools-for-stm32.7-2018-q2-update.win32_1.0.0.201904181610/tools/bin/../lib/gcc/arm-none-eabi/7.3.1/thumb/v7-m/crtbegin.o
 .text          0x0000000000000000       0x74 e:/prog_files/stmicroelectronics/stm32cubeide_1.3.0/stm32cubeide/plugins/com.st.stm32cube.ide.mcu.externaltools.gnu-tools-for-stm32.7-2018-q2-update.win32_1.0.0.201904181610/tools/bin/../lib/gcc/arm-none-eabi/7.3.1/../../../../arm-none-eabi/lib/thumb/v7-m/crt0.o
 .data          0x0000000000000000        0x0 e:/prog_files/stmicroelectronics/stm32cubeide_1.3.0/stm32cubeide/plugins/com.st.stm32cube.ide.mcu.externaltools.gnu-tools-for-stm32.7-2018-q2-update.win32_1.0.0.201904181610/tools/bin/../lib/gcc/arm-none-eabi/7.3.1/../../../../arm-none-eabi/lib/thumb/v7-m/crt0.o
[...]
Memory Configuration

Name             Origin             Length             Attributes
RAM              0x0000000020000000 0x0000000000005000 xrw
FLASH            0x0000000008000000 0x0000000000010000 xr
*default*        0x0000000000000000 0xffffffffffffffff

Linker script and memory map

LOAD e:/prog_files/stmicroelectronics/stm32cubeide_1.3.0/stm32cubeide/plugins/com.st.stm32cube.ide.mcu.externaltools.gnu-tools-for-stm32.7-2018-q2-update.win32_1.0.0.201904181610/tools/bin/../lib/gcc/arm-none-eabi/7.3.1/thumb/v7-m/crti.o
LOAD e:/prog_files/stmicroelectronics/stm32cubeide_1.3.0/stm32cubeide/plugins/com.st.stm32cube.ide.mcu.externaltools.gnu-tools-for-stm32.7-2018-q2-update.win32_1.0.0.201904181610/tools/bin/../lib/gcc/arm-none-eabi/7.3.1/thumb/v7-m/crtbegin.o
LOAD e:/prog_files/stmicroelectronics/stm32cubeide_1.3.0/stm32cubeide/plugins/com.st.stm32cube.ide.mcu.externaltools.gnu-tools-for-stm32.7-2018-q2-update.win32_1.0.0.201904181610/tools/bin/../lib/gcc/arm-none-eabi/7.3.1/../../../../arm-none-eabi/lib/thumb/v7-m/crt0.o
LOAD Drivers/STM32F1xx_HAL_Driver/Src/stm32f1xx_hal.o
LOAD Drivers/STM32F1xx_HAL_Driver/Src/stm32f1xx_hal_cortex.o
LOAD Drivers/STM32F1xx_HAL_Driver/Src/stm32f1xx_hal_dma.o
LOAD Drivers/STM32F1xx_HAL_Driver/Src/stm32f1xx_hal_exti.o
LOAD Drivers/STM32F1xx_HAL_Driver/Src/stm32f1xx_hal_flash.o
LOAD Drivers/STM32F1xx_HAL_Driver/Src/stm32f1xx_hal_flash_ex.o
LOAD Drivers/STM32F1xx_HAL_Driver/Src/stm32f1xx_hal_gpio.o
LOAD Drivers/STM32F1xx_HAL_Driver/Src/stm32f1xx_hal_gpio_ex.o
LOAD Drivers/STM32F1xx_HAL_Driver/Src/stm32f1xx_hal_pwr.o
LOAD Drivers/STM32F1xx_HAL_Driver/Src/stm32f1xx_hal_rcc.o
LOAD Drivers/STM32F1xx_HAL_Driver/Src/stm32f1xx_hal_rcc_ex.o
LOAD Drivers/STM32F1xx_HAL_Driver/Src/stm32f1xx_hal_tim.o
LOAD Drivers/STM32F1xx_HAL_Driver/Src/stm32f1xx_hal_tim_ex.o
LOAD ECUAL/LCD16x2/LCD16x2.o
LOAD ECUAL/LCD16x2/LCD16x2_cfg.o
LOAD Src/main.o
LOAD Src/stm32f1xx_hal_msp.o
LOAD Src/stm32f1xx_it.o
LOAD Src/syscalls.o
LOAD Src/sysmem.o
LOAD Src/system_stm32f1xx.o
LOAD Startup/startup_stm32f103c8tx.o
LOAD util/DWT_Delay.o
LOAD util/Timer_Delay.o
START GROUP
LOAD e:/prog_files/stmicroelectronics/stm32cubeide_1.3.0/stm32cubeide/plugins/com.st.stm32cube.ide.mcu.externaltools.gnu-tools-for-stm32.7-2018-q2-update.win32_1.0.0.201904181610/tools/bin/../lib/gcc/arm-none-eabi/7.3.1/../../../../arm-none-eabi/lib/thumb/v7-m\libc_nano.a
LOAD e:/prog_files/stmicroelectronics/stm32cubeide_1.3.0/stm32cubeide/plugins/com.st.stm32cube.ide.mcu.externaltools.gnu-tools-for-stm32.7-2018-q2-update.win32_1.0.0.201904181610/tools/bin/../lib/gcc/arm-none-eabi/7.3.1/../../../../arm-none-eabi/lib/thumb/v7-m\libm.a
END GROUP
START GROUP
LOAD e:/prog_files/stmicroelectronics/stm32cubeide_1.3.0/stm32cubeide/plugins/com.st.stm32cube.ide.mcu.externaltools.gnu-tools-for-stm32.7-2018-q2-update.win32_1.0.0.201904181610/tools/bin/../lib/gcc/arm-none-eabi/7.3.1/thumb/v7-m\libgcc.a
LOAD e:/prog_files/stmicroelectronics/stm32cubeide_1.3.0/stm32cubeide/plugins/com.st.stm32cube.ide.mcu.externaltools.gnu-tools-for-stm32.7-2018-q2-update.win32_1.0.0.201904181610/tools/bin/../lib/gcc/arm-none-eabi/7.3.1/../../../../arm-none-eabi/lib/thumb/v7-m\libc_nano.a
END GROUP
START GROUP
LOAD e:/prog_files/stmicroelectronics/stm32cubeide_1.3.0/stm32cubeide/plugins/com.st.stm32cube.ide.mcu.externaltools.gnu-tools-for-stm32.7-2018-q2-update.win32_1.0.0.201904181610/tools/bin/../lib/gcc/arm-none-eabi/7.3.1/thumb/v7-m\libgcc.a
LOAD e:/prog_files/stmicroelectronics/stm32cubeide_1.3.0/stm32cubeide/plugins/com.st.stm32cube.ide.mcu.externaltools.gnu-tools-for-stm32.7-2018-q2-update.win32_1.0.0.201904181610/tools/bin/../lib/gcc/arm-none-eabi/7.3.1/../../../../arm-none-eabi/lib/thumb/v7-m\libc_nano.a
LOAD e:/prog_files/stmicroelectronics/stm32cubeide_1.3.0/stm32cubeide/plugins/com.st.stm32cube.ide.mcu.externaltools.gnu-tools-for-stm32.7-2018-q2-update.win32_1.0.0.201904181610/tools/bin/../lib/gcc/arm-none-eabi/7.3.1/../../../../arm-none-eabi/lib/thumb/v7-m\libnosys.a
END GROUP
START GROUP
LOAD e:/prog_files/stmicroelectronics/stm32cubeide_1.3.0/stm32cubeide/plugins/com.st.stm32cube.ide.mcu.externaltools.gnu-tools-for-stm32.7-2018-q2-update.win32_1.0.0.201904181610/tools/bin/../lib/gcc/arm-none-eabi/7.3.1/thumb/v7-m\libgcc.a
LOAD e:/prog_files/stmicroelectronics/stm32cubeide_1.3.0/stm32cubeide/plugins/com.st.stm32cube.ide.mcu.externaltools.gnu-tools-for-stm32.7-2018-q2-update.win32_1.0.0.201904181610/tools/bin/../lib/gcc/arm-none-eabi/7.3.1/../../../../arm-none-eabi/lib/thumb/v7-m\libc_nano.a
LOAD e:/prog_files/stmicroelectronics/stm32cubeide_1.3.0/stm32cubeide/plugins/com.st.stm32cube.ide.mcu.externaltools.gnu-tools-for-stm32.7-2018-q2-update.win32_1.0.0.201904181610/tools/bin/../lib/gcc/arm-none-eabi/7.3.1/../../../../arm-none-eabi/lib/thumb/v7-m\libnosys.a
END GROUP
LOAD e:/prog_files/stmicroelectronics/stm32cubeide_1.3.0/stm32cubeide/plugins/com.st.stm32cube.ide.mcu.externaltools.gnu-tools-for-stm32.7-2018-q2-update.win32_1.0.0.201904181610/tools/bin/../lib/gcc/arm-none-eabi/7.3.1/thumb/v7-m/crtend.o
LOAD e:/prog_files/stmicroelectronics/stm32cubeide_1.3.0/stm32cubeide/plugins/com.st.stm32cube.ide.mcu.externaltools.gnu-tools-for-stm32.7-2018-q2-update.win32_1.0.0.201904181610/tools/bin/../lib/gcc/arm-none-eabi/7.3.1/thumb/v7-m/crtn.o
                0x0000000020005000                _estack = (ORIGIN (RAM) + LENGTH (RAM))
                0x0000000000000200                _Min_Heap_Size = 0x200
                0x0000000000000400                _Min_Stack_Size = 0x400

.isr_vector     0x0000000008000000      0x10c
                0x0000000008000000                . = ALIGN (0x4)
 *(.isr_vector)
 .isr_vector    0x0000000008000000      0x10c Startup/startup_stm32f103c8tx.o
                0x0000000008000000                g_pfnVectors
                0x000000000800010c                . = ALIGN (0x4)

.text           0x000000000800010c     0x16e4
                0x000000000800010c                . = ALIGN (0x4)
 *(.text)
 .text          0x000000000800010c       0x40 e:/prog_files/stmicroelectronics/stm32cubeide_1.3.0/stm32cubeide/plugins/com.st.stm32cube.ide.mcu.externaltools.gnu-tools-for-stm32.7-2018-q2-update.win32_1.0.0.201904181610/tools/bin/../lib/gcc/arm-none-eabi/7.3.1/thumb/v7-m/crtbegin.o
 *(.text*)
 .text.HAL_Init
                0x000000000800014c       0x2c Drivers/STM32F1xx_HAL_Driver/Src/stm32f1xx_hal.o
                0x000000000800014c                HAL_Init
 .text.HAL_InitTick
                0x0000000008000178       0x60 Drivers/STM32F1xx_HAL_Driver/Src/stm32f1xx_hal.o
                0x0000000008000178                HAL_InitTick
 .text.HAL_IncTick
                0x00000000080001d8       0x24 Drivers/STM32F1xx_HAL_Driver/Src/stm32f1xx_hal.o
                0x00000000080001d8                HAL_IncTick
 .text.HAL_GetTick
                0x00000000080001fc       0x14 Drivers/STM32F1xx_HAL_Driver/Src/stm32f1xx_hal.o
                0x00000000080001fc                HAL_GetTick
 .text.HAL_Delay
                0x0000000008000210       0x44 Drivers/STM32F1xx_HAL_Driver/Src/stm32f1xx_hal.o
                0x0000000008000210                HAL_Delay
 .text.__NVIC_SetPriorityGrouping
                0x0000000008000254       0x48 Drivers/STM32F1xx_HAL_Driver/Src/stm32f1xx_hal_cortex.o
 .text.__NVIC_GetPriorityGrouping
                0x000000000800029c       0x1c Drivers/STM32F1xx_HAL_Driver/Src/stm32f1xx_hal_cortex.o
 .text.__NVIC_SetPriority
                0x00000000080002b8       0x54 Drivers/STM32F1xx_HAL_Driver/Src/stm32f1xx_hal_cortex.o
 .text.NVIC_EncodePriority
                0x000000000800030c       0x64 Drivers/STM32F1xx_HAL_Driver/Src/stm32f1xx_hal_cortex.o
 .text.SysTick_Config
                0x0000000008000370       0x44 Drivers/STM32F1xx_HAL_Driver/Src/stm32f1xx_hal_cortex.o
 .text.HAL_NVIC_SetPriorityGrouping
                0x00000000080003b4       0x16 Drivers/STM32F1xx_HAL_Driver/Src/stm32f1xx_hal_cortex.o
                0x00000000080003b4                HAL_NVIC_SetPriorityGrouping
 .text.HAL_NVIC_SetPriority
                0x00000000080003ca       0x38 Drivers/STM32F1xx_HAL_Driver/Src/stm32f1xx_hal_cortex.o
                0x00000000080003ca                HAL_NVIC_SetPriority
 .text.HAL_SYSTICK_Config
                0x0000000008000402       0x18 Drivers/STM32F1xx_HAL_Driver/Src/stm32f1xx_hal_cortex.o
                0x0000000008000402                HAL_SYSTICK_Config
 *fill*         0x000000000800041a        0x2 
 .text.HAL_GPIO_Init
                0x000000000800041c      0x2b4 Drivers/STM32F1xx_HAL_Driver/Src/stm32f1xx_hal_gpio.o
                0x000000000800041c                HAL_GPIO_Init
 .text.HAL_GPIO_WritePin
                0x00000000080006d0       0x30 Drivers/STM32F1xx_HAL_Driver/Src/stm32f1xx_hal_gpio.o
                0x00000000080006d0                HAL_GPIO_WritePin
 .text.HAL_RCC_OscConfig
                0x0000000008000700      0x500 Drivers/STM32F1xx_HAL_Driver/Src/stm32f1xx_hal_rcc.o
                0x0000000008000700                HAL_RCC_OscConfig
 .text.HAL_RCC_ClockConfig
                0x0000000008000c00      0x1d4 Drivers/STM32F1xx_HAL_Driver/Src/stm32f1xx_hal_rcc.o
                0x0000000008000c00                HAL_RCC_ClockConfig
 .text.HAL_RCC_GetSysClockFreq
                0x0000000008000dd4       0xc4 Drivers/STM32F1xx_HAL_Driver/Src/stm32f1xx_hal_rcc.o
                0x0000000008000dd4                HAL_RCC_GetSysClockFreq
 .text.HAL_RCC_GetHCLKFreq
                0x0000000008000e98       0x14 Drivers/STM32F1xx_HAL_Driver/Src/stm32f1xx_hal_rcc.o
                0x0000000008000e98                HAL_RCC_GetHCLKFreq
 .text.RCC_Delay
                0x0000000008000eac       0x3c Drivers/STM32F1xx_HAL_Driver/Src/stm32f1xx_hal_rcc.o
 .text.DWT_Delay_us
                0x0000000008000ee8       0x4c ECUAL/LCD16x2/LCD16x2.o
 .text.DWT_Delay_ms
                0x0000000008000f34       0x48 ECUAL/LCD16x2/LCD16x2.o
 .text.LCD_DATA
                0x0000000008000f7c       0xc8 ECUAL/LCD16x2/LCD16x2.o
                0x0000000008000f7c                LCD_DATA
 .text.LCD_CMD  0x0000000008001044       0x64 ECUAL/LCD16x2/LCD16x2.o
                0x0000000008001044                LCD_CMD
 .text.LCD_Clear
                0x00000000080010a8       0x14 ECUAL/LCD16x2/LCD16x2.o
                0x00000000080010a8                LCD_Clear
 .text.LCD_Set_Cursor
                0x00000000080010bc       0x72 ECUAL/LCD16x2/LCD16x2.o
                0x00000000080010bc                LCD_Set_Cursor
 *fill*         0x000000000800112e        0x2 
 .text.LCD_Init
                0x0000000008001130      0x1f0 ECUAL/LCD16x2/LCD16x2.o
                0x0000000008001130                LCD_Init
 .text.LCD_Write_Char
                0x0000000008001320       0xb4 ECUAL/LCD16x2/LCD16x2.o
                0x0000000008001320                LCD_Write_Char
 .text.LCD_Write_String
                0x00000000080013d4       0x36 ECUAL/LCD16x2/LCD16x2.o
                0x00000000080013d4                LCD_Write_String
 .text.LCD_SL   0x000000000800140a       0x1a ECUAL/LCD16x2/LCD16x2.o
                0x000000000800140a                LCD_SL
 .text.LCD_SR   0x0000000008001424       0x1a ECUAL/LCD16x2/LCD16x2.o
                0x0000000008001424                LCD_SR
 *fill*         0x000000000800143e        0x2 
 .text.main     0x0000000008001440       0xa0 Src/main.o
                0x0000000008001440                main
 .text.SystemClock_Config
                0x00000000080014e0       0x8a Src/main.o
                0x00000000080014e0                SystemClock_Config
 *fill*         0x000000000800156a        0x2 
 .text.MX_GPIO_Init
                0x000000000800156c       0x3c Src/main.o
 .text.Error_Handler
                0x00000000080015a8        0xc Src/main.o
                0x00000000080015a8                Error_Handler
 .text.HAL_MspInit
                0x00000000080015b4       0x64 Src/stm32f1xx_hal_msp.o
                0x00000000080015b4                HAL_MspInit
 .text.NMI_Handler
                0x0000000008001618        0xc Src/stm32f1xx_it.o
                0x0000000008001618                NMI_Handler
 .text.HardFault_Handler
                0x0000000008001624        0x6 Src/stm32f1xx_it.o
                0x0000000008001624                HardFault_Handler
 .text.MemManage_Handler
                0x000000000800162a        0x6 Src/stm32f1xx_it.o
                0x000000000800162a                MemManage_Handler
 .text.BusFault_Handler
                0x0000000008001630        0x6 Src/stm32f1xx_it.o
                0x0000000008001630                BusFault_Handler
 .text.UsageFault_Handler
                0x0000000008001636        0x6 Src/stm32f1xx_it.o
                0x0000000008001636                UsageFault_Handler
 .text.SVC_Handler
                0x000000000800163c        0xc Src/stm32f1xx_it.o
                0x000000000800163c                SVC_Handler
 .text.DebugMon_Handler
                0x0000000008001648        0xc Src/stm32f1xx_it.o
                0x0000000008001648                DebugMon_Handler
 .text.PendSV_Handler
                0x0000000008001654        0xc Src/stm32f1xx_it.o
                0x0000000008001654                PendSV_Handler
 .text.SysTick_Handler
                0x0000000008001660        0xc Src/stm32f1xx_it.o
                0x0000000008001660                SysTick_Handler
 .text.SystemInit
                0x000000000800166c       0x68 Src/system_stm32f1xx.o
                0x000000000800166c                SystemInit
 .text.Reset_Handler
                0x00000000080016d4       0x48 Startup/startup_stm32f103c8tx.o
                0x00000000080016d4                Reset_Handler
 .text.Default_Handler
                0x000000000800171c        0x2 Startup/startup_stm32f103c8tx.o
                0x000000000800171c                RTC_Alarm_IRQHandler
                0x000000000800171c                EXTI2_IRQHandler
                0x000000000800171c                TIM1_CC_IRQHandler
                0x000000000800171c                PVD_IRQHandler
                0x000000000800171c                EXTI3_IRQHandler
                0x000000000800171c                EXTI0_IRQHandler
                0x000000000800171c                I2C2_EV_IRQHandler
                0x000000000800171c                ADC1_2_IRQHandler
                0x000000000800171c                SPI1_IRQHandler
                0x000000000800171c                TAMPER_IRQHandler
                0x000000000800171c                DMA1_Channel4_IRQHandler
                0x000000000800171c                USART3_IRQHandler
                0x000000000800171c                RTC_IRQHandler
                0x000000000800171c                DMA1_Channel7_IRQHandler
                0x000000000800171c                CAN1_RX1_IRQHandler
                0x000000000800171c                TIM4_IRQHandler
                0x000000000800171c                I2C1_EV_IRQHandler
                0x000000000800171c                DMA1_Channel6_IRQHandler
                0x000000000800171c                TIM3_IRQHandler
                0x000000000800171c                RCC_IRQHandler
                0x000000000800171c                TIM1_TRG_COM_IRQHandler
                0x000000000800171c                DMA1_Channel1_IRQHandler
                0x000000000800171c                Default_Handler
                0x000000000800171c                EXTI15_10_IRQHandler
                0x000000000800171c                EXTI9_5_IRQHandler
                0x000000000800171c                SPI2_IRQHandler
                0x000000000800171c                DMA1_Channel5_IRQHandler
                0x000000000800171c                EXTI4_IRQHandler
                0x000000000800171c                USB_LP_CAN1_RX0_IRQHandler
                0x000000000800171c                USB_HP_CAN1_TX_IRQHandler
                0x000000000800171c                DMA1_Channel3_IRQHandler
                0x000000000800171c                TIM1_UP_IRQHandler
                0x000000000800171c                WWDG_IRQHandler
                0x000000000800171c                TIM2_IRQHandler
                0x000000000800171c                TIM1_BRK_IRQHandler
                0x000000000800171c                EXTI1_IRQHandler
                0x000000000800171c                USART2_IRQHandler
                0x000000000800171c                I2C2_ER_IRQHandler
                0x000000000800171c                DMA1_Channel2_IRQHandler
                0x000000000800171c                CAN1_SCE_IRQHandler
                0x000000000800171c                FLASH_IRQHandler
                0x000000000800171c                USART1_IRQHandler
                0x000000000800171c                I2C1_ER_IRQHandler
                0x000000000800171c                USBWakeUp_IRQHandler
 *fill*         0x000000000800171e        0x2 
 .text.DWT_Delay_Init
                0x0000000008001720       0x60 util/DWT_Delay.o
                0x0000000008001720                DWT_Delay_Init
 .text.__libc_init_array
                0x0000000008001780       0x48 e:/prog_files/stmicroelectronics/stm32cubeide_1.3.0/stm32cubeide/plugins/com.st.stm32cube.ide.mcu.externaltools.gnu-tools-for-stm32.7-2018-q2-update.win32_1.0.0.201904181610/tools/bin/../lib/gcc/arm-none-eabi/7.3.1/../../../../arm-none-eabi/lib/thumb/v7-m\libc_nano.a(lib_a-init.o)
                0x0000000008001780                __libc_init_array
 .text.memset   0x00000000080017c8       0x10 e:/prog_files/stmicroelectronics/stm32cubeide_1.3.0/stm32cubeide/plugins/com.st.stm32cube.ide.mcu.externaltools.gnu-tools-for-stm32.7-2018-q2-update.win32_1.0.0.201904181610/tools/bin/../lib/gcc/arm-none-eabi/7.3.1/../../../../arm-none-eabi/lib/thumb/v7-m\libc_nano.a(lib_a-memset.o)
                0x00000000080017c8                memset
 *(.glue_7)
 .glue_7        0x00000000080017d8        0x0 linker stubs
 *(.glue_7t)
 .glue_7t       0x00000000080017d8        0x0 linker stubs
 *(.eh_frame)
 .eh_frame      0x00000000080017d8        0x0 e:/prog_files/stmicroelectronics/stm32cubeide_1.3.0/stm32cubeide/plugins/com.st.stm32cube.ide.mcu.externaltools.gnu-tools-for-stm32.7-2018-q2-update.win32_1.0.0.201904181610/tools/bin/../lib/gcc/arm-none-eabi/7.3.1/thumb/v7-m/crtbegin.o
 *(.init)
 .init          0x00000000080017d8        0x4 e:/prog_files/stmicroelectronics/stm32cubeide_1.3.0/stm32cubeide/plugins/com.st.stm32cube.ide.mcu.externaltools.gnu-tools-for-stm32.7-2018-q2-update.win32_1.0.0.201904181610/tools/bin/../lib/gcc/arm-none-eabi/7.3.1/thumb/v7-m/crti.o
                0x00000000080017d8                _init
 .init          0x00000000080017dc        0x8 e:/prog_files/stmicroelectronics/stm32cubeide_1.3.0/stm32cubeide/plugins/com.st.stm32cube.ide.mcu.externaltools.gnu-tools-for-stm32.7-2018-q2-update.win32_1.0.0.201904181610/tools/bin/../lib/gcc/arm-none-eabi/7.3.1/thumb/v7-m/crtn.o
 *(.fini)
 .fini          0x00000000080017e4        0x4 e:/prog_files/stmicroelectronics/stm32cubeide_1.3.0/stm32cubeide/plugins/com.st.stm32cube.ide.mcu.externaltools.gnu-tools-for-stm32.7-2018-q2-update.win32_1.0.0.201904181610/tools/bin/../lib/gcc/arm-none-eabi/7.3.1/thumb/v7-m/crti.o
                0x00000000080017e4                _fini
 .fini          0x00000000080017e8        0x8 e:/prog_files/stmicroelectronics/stm32cubeide_1.3.0/stm32cubeide/plugins/com.st.stm32cube.ide.mcu.externaltools.gnu-tools-for-stm32.7-2018-q2-update.win32_1.0.0.201904181610/tools/bin/../lib/gcc/arm-none-eabi/7.3.1/thumb/v7-m/crtn.o
                0x00000000080017f0                . = ALIGN (0x4)
                0x00000000080017f0                _etext = .

.vfp11_veneer   0x00000000080017f0        0x0
 .vfp11_veneer  0x00000000080017f0        0x0 linker stubs

.v4_bx          0x00000000080017f0        0x0
 .v4_bx         0x00000000080017f0        0x0 linker stubs

.iplt           0x00000000080017f0        0x0
 .iplt          0x00000000080017f0        0x0 e:/prog_files/stmicroelectronics/stm32cubeide_1.3.0/stm32cubeide/plugins/com.st.stm32cube.ide.mcu.externaltools.gnu-tools-for-stm32.7-2018-q2-update.win32_1.0.0.201904181610/tools/bin/../lib/gcc/arm-none-eabi/7.3.1/thumb/v7-m/crtbegin.o

.rodata         0x00000000080017f0       0x58
                0x00000000080017f0                . = ALIGN (0x4)
 *(.rodata)
 .rodata        0x00000000080017f0       0x12 Drivers/STM32F1xx_HAL_Driver/Src/stm32f1xx_hal_rcc.o
 *fill*         0x0000000008001802        0x2 
 .rodata        0x0000000008001804       0x1d Src/main.o
 *(.rodata*)
 *fill*         0x0000000008001821        0x3 
 .rodata.LCD16x2_CfgParam
                0x0000000008001824       0x14 ECUAL/LCD16x2/LCD16x2_cfg.o
                0x0000000008001824                LCD16x2_CfgParam
 .rodata.AHBPrescTable
                0x0000000008001838       0x10 Src/system_stm32f1xx.o
                0x0000000008001838                AHBPrescTable
                0x0000000008001848                . = ALIGN (0x4)

.rel.dyn        0x0000000008001848        0x0
 .rel.iplt      0x0000000008001848        0x0 e:/prog_files/stmicroelectronics/stm32cubeide_1.3.0/stm32cubeide/plugins/com.st.stm32cube.ide.mcu.externaltools.gnu-tools-for-stm32.7-2018-q2-update.win32_1.0.0.201904181610/tools/bin/../lib/gcc/arm-none-eabi/7.3.1/thumb/v7-m/crtbegin.o

.ARM.extab      0x0000000008001848        0x0
                0x0000000008001848                . = ALIGN (0x4)
 *(.ARM.extab* .gnu.linkonce.armextab.*)
                0x0000000008001848                . = ALIGN (0x4)

.ARM            0x0000000008001848        0x0
                0x0000000008001848                . = ALIGN (0x4)
                0x0000000008001848                __exidx_start = .
 *(.ARM.exidx*)
                0x0000000008001848                __exidx_end = .
                0x0000000008001848                . = ALIGN (0x4)

.preinit_array  0x0000000008001848        0x0
                0x0000000008001848                . = ALIGN (0x4)
                0x0000000008001848                PROVIDE (__preinit_array_start = .)
 *(.preinit_array*)
                0x0000000008001848                PROVIDE (__preinit_array_end = .)
                0x0000000008001848                . = ALIGN (0x4)

.init_array     0x0000000008001848        0x4
                0x0000000008001848                . = ALIGN (0x4)
                0x0000000008001848                PROVIDE (__init_array_start = .)
 *(SORT_BY_NAME(.init_array.*))
 *(.init_array*)
 .init_array    0x0000000008001848        0x4 e:/prog_files/stmicroelectronics/stm32cubeide_1.3.0/stm32cubeide/plugins/com.st.stm32cube.ide.mcu.externaltools.gnu-tools-for-stm32.7-2018-q2-update.win32_1.0.0.201904181610/tools/bin/../lib/gcc/arm-none-eabi/7.3.1/thumb/v7-m/crtbegin.o
                0x000000000800184c                PROVIDE (__init_array_end = .)
                0x000000000800184c                . = ALIGN (0x4)

.fini_array     0x000000000800184c        0x4
                0x000000000800184c                . = ALIGN (0x4)
                [!provide]                        PROVIDE (__fini_array_start = .)
 *(SORT_BY_NAME(.fini_array.*))
 *(.fini_array*)
 .fini_array    0x000000000800184c        0x4 e:/prog_files/stmicroelectronics/stm32cubeide_1.3.0/stm32cubeide/plugins/com.st.stm32cube.ide.mcu.externaltools.gnu-tools-for-stm32.7-2018-q2-update.win32_1.0.0.201904181610/tools/bin/../lib/gcc/arm-none-eabi/7.3.1/thumb/v7-m/crtbegin.o
                [!provide]                        PROVIDE (__fini_array_end = .)
                0x0000000008001850                . = ALIGN (0x4)
                0x0000000008001850                _sidata = LOADADDR (.data)

.data           0x0000000020000000        0xc load address 0x0000000008001850
                0x0000000020000000                . = ALIGN (0x4)
                0x0000000020000000                _sdata = .
 *(.data)
 *(.data*)
 .data.uwTickPrio
                0x0000000020000000        0x4 Drivers/STM32F1xx_HAL_Driver/Src/stm32f1xx_hal.o
                0x0000000020000000                uwTickPrio
 .data.uwTickFreq
                0x0000000020000004        0x1 Drivers/STM32F1xx_HAL_Driver/Src/stm32f1xx_hal.o
                0x0000000020000004                uwTickFreq
 *fill*         0x0000000020000005        0x3 
 .data.SystemCoreClock
                0x0000000020000008        0x4 Src/system_stm32f1xx.o
                0x0000000020000008                SystemCoreClock
                0x000000002000000c                . = ALIGN (0x4)
                0x000000002000000c                _edata = .

.igot.plt       0x000000002000000c        0x0 load address 0x000000000800185c
 .igot.plt      0x000000002000000c        0x0 e:/prog_files/stmicroelectronics/stm32cubeide_1.3.0/stm32cubeide/plugins/com.st.stm32cube.ide.mcu.externaltools.gnu-tools-for-stm32.7-2018-q2-update.win32_1.0.0.201904181610/tools/bin/../lib/gcc/arm-none-eabi/7.3.1/thumb/v7-m/crtbegin.o
                0x000000002000000c                . = ALIGN (0x4)

.bss            0x000000002000000c       0x20 load address 0x000000000800185c
                0x000000002000000c                _sbss = .
                0x000000002000000c                __bss_start__ = _sbss
 *(.bss)
 .bss           0x000000002000000c       0x1c e:/prog_files/stmicroelectronics/stm32cubeide_1.3.0/stm32cubeide/plugins/com.st.stm32cube.ide.mcu.externaltools.gnu-tools-for-stm32.7-2018-q2-update.win32_1.0.0.201904181610/tools/bin/../lib/gcc/arm-none-eabi/7.3.1/thumb/v7-m/crtbegin.o
 *(.bss*)
 *(COMMON)
 COMMON         0x0000000020000028        0x4 Drivers/STM32F1xx_HAL_Driver/Src/stm32f1xx_hal.o
                0x0000000020000028                uwTick
                0x000000002000002c                . = ALIGN (0x4)
                0x000000002000002c                _ebss = .
                0x000000002000002c                __bss_end__ = _ebss

._user_heap_stack
                0x000000002000002c      0x604 load address 0x000000000800185c
                0x0000000020000030                . = ALIGN (0x8)
 *fill*         0x000000002000002c        0x4 
                0x0000000020000030                PROVIDE (end = .)
                [!provide]                        PROVIDE (_end = .)
                0x0000000020000230                . = (. + _Min_Heap_Size)
 *fill*         0x0000000020000030      0x200 
                0x0000000020000630                . = (. + _Min_Stack_Size)
 *fill*         0x0000000020000230      0x400 
                0x0000000020000630                . = ALIGN (0x8)

/DISCARD/
 libc.a(*)
 libm.a(*)
 libgcc.a(*)

.ARM.attributes
                0x0000000000000000       0x29
 *(.ARM.attributes)
 .ARM.attributes
                0x0000000000000000       0x1d e:/prog_files/stmicroelectronics/stm32cubeide_1.3.0/stm32cubeide/plugins/com.st.stm32cube.ide.mcu.externaltools.gnu-tools-for-stm32.7-2018-q2-update.win32_1.0.0.201904181610/tools/bin/../lib/gcc/arm-none-eabi/7.3.1/thumb/v7-m/crti.o
 .ARM.attributes
                0x000000000000001d       0x2d e:/prog_files/stmicroelectronics/stm32cubeide_1.3.0/stm32cubeide/plugins/com.st.stm32cube.ide.mcu.externaltools.gnu-tools-for-stm32.7-2018-q2-update.win32_1.0.0.201904181610/tools/bin/../lib/gcc/arm-none-eabi/7.3.1/thumb/v7-m/crtbegin.o
 .ARM.attributes
                0x000000000000004a       0x33 Drivers/STM32F1xx_HAL_Driver/Src/stm32f1xx_hal.o
 .ARM.attributes
                0x000000000000007d       0x33 Drivers/STM32F1xx_HAL_Driver/Src/stm32f1xx_hal_cortex.o
 .ARM.attributes
                0x00000000000000b0       0x33 Drivers/STM32F1xx_HAL_Driver/Src/stm32f1xx_hal_gpio.o
 .ARM.attributes
                0x00000000000000e3       0x33 Drivers/STM32F1xx_HAL_Driver/Src/stm32f1xx_hal_rcc.o
 .ARM.attributes
                0x0000000000000116       0x33 ECUAL/LCD16x2/LCD16x2.o
 .ARM.attributes
                0x0000000000000149       0x33 ECUAL/LCD16x2/LCD16x2_cfg.o
 .ARM.attributes
                0x000000000000017c       0x33 Src/main.o
 .ARM.attributes
                0x00000000000001af       0x33 Src/stm32f1xx_hal_msp.o
 .ARM.attributes
                0x00000000000001e2       0x33 Src/stm32f1xx_it.o
 .ARM.attributes
                0x0000000000000215       0x33 Src/system_stm32f1xx.o
 .ARM.attributes
                0x0000000000000248       0x21 Startup/startup_stm32f103c8tx.o
 .ARM.attributes
                0x0000000000000269       0x33 util/DWT_Delay.o
 .ARM.attributes
                0x000000000000029c       0x2d e:/prog_files/stmicroelectronics/stm32cubeide_1.3.0/stm32cubeide/plugins/com.st.stm32cube.ide.mcu.externaltools.gnu-tools-for-stm32.7-2018-q2-update.win32_1.0.0.201904181610/tools/bin/../lib/gcc/arm-none-eabi/7.3.1/../../../../arm-none-eabi/lib/thumb/v7-m\libc_nano.a(lib_a-init.o)
 .ARM.attributes
                0x00000000000002c9       0x2d e:/prog_files/stmicroelectronics/stm32cubeide_1.3.0/stm32cubeide/plugins/com.st.stm32cube.ide.mcu.externaltools.gnu-tools-for-stm32.7-2018-q2-update.win32_1.0.0.201904181610/tools/bin/../lib/gcc/arm-none-eabi/7.3.1/../../../../arm-none-eabi/lib/thumb/v7-m\libc_nano.a(lib_a-memset.o)
 .ARM.attributes
                0x00000000000002f6       0x1d e:/prog_files/stmicroelectronics/stm32cubeide_1.3.0/stm32cubeide/plugins/com.st.stm32cube.ide.mcu.externaltools.gnu-tools-for-stm32.7-2018-q2-update.win32_1.0.0.201904181610/tools/bin/../lib/gcc/arm-none-eabi/7.3.1/thumb/v7-m/crtn.o
OUTPUT(STM32_LCD16x2.elf elf32-littlearm)

.debug_info     0x0000000000000000     0x3a8b
 .debug_info    0x0000000000000000      0x6fe Drivers/STM32F1xx_HAL_Driver/Src/stm32f1xx_hal.o
 .debug_info    0x00000000000006fe      0xb46 Drivers/STM32F1xx_HAL_Driver/Src/stm32f1xx_hal_cortex.o
 .debug_info    0x0000000000001244      0x681 Drivers/STM32F1xx_HAL_Driver/Src/stm32f1xx_hal_gpio.o
 .debug_info    0x00000000000018c5      0x804 Drivers/STM32F1xx_HAL_Driver/Src/stm32f1xx_hal_rcc.o
 .debug_info    0x00000000000020c9      0x71e ECUAL/LCD16x2/LCD16x2.o
 .debug_info    0x00000000000027e7      0x275 ECUAL/LCD16x2/LCD16x2_cfg.o
 .debug_info    0x0000000000002a5c      0x3fa Src/main.o
 .debug_info    0x0000000000002e56      0x2cb Src/stm32f1xx_hal_msp.o
 .debug_info    0x0000000000003121      0x1fa Src/stm32f1xx_it.o
 .debug_info    0x000000000000331b      0x433 Src/system_stm32f1xx.o
 .debug_info    0x000000000000374e       0x22 Startup/startup_stm32f103c8tx.o
 .debug_info    0x0000000000003770      0x31b util/DWT_Delay.o

.debug_abbrev   0x0000000000000000     0x10db
 .debug_abbrev  0x0000000000000000      0x1d8 Drivers/STM32F1xx_HAL_Driver/Src/stm32f1xx_hal.o
 .debug_abbrev  0x00000000000001d8      0x2d5 Drivers/STM32F1xx_HAL_Driver/Src/stm32f1xx_hal_cortex.o
 .debug_abbrev  0x00000000000004ad      0x1c0 Drivers/STM32F1xx_HAL_Driver/Src/stm32f1xx_hal_gpio.o
 .debug_abbrev  0x000000000000066d      0x243 Drivers/STM32F1xx_HAL_Driver/Src/stm32f1xx_hal_rcc.o
 .debug_abbrev  0x00000000000008b0      0x1c8 ECUAL/LCD16x2/LCD16x2.o
 .debug_abbrev  0x0000000000000a78      0x100 ECUAL/LCD16x2/LCD16x2_cfg.o
 .debug_abbrev  0x0000000000000b78      0x175 Src/main.o
 .debug_abbrev  0x0000000000000ced      0x109 Src/stm32f1xx_hal_msp.o
 .debug_abbrev  0x0000000000000df6       0xc6 Src/stm32f1xx_it.o
 .debug_abbrev  0x0000000000000ebc      0x134 Src/system_stm32f1xx.o
 .debug_abbrev  0x0000000000000ff0       0x12 Startup/startup_stm32f103c8tx.o
 .debug_abbrev  0x0000000000001002       0xd9 util/DWT_Delay.o

.debug_aranges  0x0000000000000000      0x478
 .debug_aranges
                0x0000000000000000       0xe0 Drivers/STM32F1xx_HAL_Driver/Src/stm32f1xx_hal.o
 .debug_aranges
                0x00000000000000e0      0x100 Drivers/STM32F1xx_HAL_Driver/Src/stm32f1xx_hal_cortex.o
 .debug_aranges
                0x00000000000001e0       0x58 Drivers/STM32F1xx_HAL_Driver/Src/stm32f1xx_hal_gpio.o
 .debug_aranges
                0x0000000000000238       0x90 Drivers/STM32F1xx_HAL_Driver/Src/stm32f1xx_hal_rcc.o
 .debug_aranges
                0x00000000000002c8       0x70 ECUAL/LCD16x2/LCD16x2.o
 .debug_aranges
                0x0000000000000338       0x18 ECUAL/LCD16x2/LCD16x2_cfg.o
 .debug_aranges
                0x0000000000000350       0x38 Src/main.o
 .debug_aranges
                0x0000000000000388       0x20 Src/stm32f1xx_hal_msp.o
 .debug_aranges
                0x00000000000003a8       0x60 Src/stm32f1xx_it.o
 .debug_aranges
                0x0000000000000408       0x28 Src/system_stm32f1xx.o
 .debug_aranges
                0x0000000000000430       0x28 Startup/startup_stm32f103c8tx.o
 .debug_aranges
                0x0000000000000458       0x20 util/DWT_Delay.o

.debug_ranges   0x0000000000000000      0x3b8
 .debug_ranges  0x0000000000000000       0xd0 Drivers/STM32F1xx_HAL_Driver/Src/stm32f1xx_hal.o
 .debug_ranges  0x00000000000000d0       0xf0 Drivers/STM32F1xx_HAL_Driver/Src/stm32f1xx_hal_cortex.o
 .debug_ranges  0x00000000000001c0       0x48 Drivers/STM32F1xx_HAL_Driver/Src/stm32f1xx_hal_gpio.o
 .debug_ranges  0x0000000000000208       0x80 Drivers/STM32F1xx_HAL_Driver/Src/stm32f1xx_hal_rcc.o
 .debug_ranges  0x0000000000000288       0x60 ECUAL/LCD16x2/LCD16x2.o
 .debug_ranges  0x00000000000002e8       0x28 Src/main.o
 .debug_ranges  0x0000000000000310       0x10 Src/stm32f1xx_hal_msp.o
 .debug_ranges  0x0000000000000320       0x50 Src/stm32f1xx_it.o
 .debug_ranges  0x0000000000000370       0x18 Src/system_stm32f1xx.o
 .debug_ranges  0x0000000000000388       0x20 Startup/startup_stm32f103c8tx.o
 .debug_ranges  0x00000000000003a8       0x10 util/DWT_Delay.o

.debug_macro    0x0000000000000000    0x131d6
 .debug_macro   0x0000000000000000      0x1b4 Drivers/STM32F1xx_HAL_Driver/Src/stm32f1xx_hal.o
 .debug_macro   0x00000000000001b4      0xa5a Drivers/STM32F1xx_HAL_Driver/Src/stm32f1xx_hal.o
 .debug_macro   0x0000000000000c0e      0x215 Drivers/STM32F1xx_HAL_Driver/Src/stm32f1xx_hal.o
 .debug_macro   0x0000000000000e23       0x2e Drivers/STM32F1xx_HAL_Driver/Src/stm32f1xx_hal.o
 .debug_macro   0x0000000000000e51       0x22 Drivers/STM32F1xx_HAL_Driver/Src/stm32f1xx_hal.o
 .debug_macro   0x0000000000000e73       0x22 Drivers/STM32F1xx_HAL_Driver/Src/stm32f1xx_hal.o
 .debug_macro   0x0000000000000e95       0x8e Drivers/STM32F1xx_HAL_Driver/Src/stm32f1xx_hal.o
 .debug_macro   0x0000000000000f23       0x51 Drivers/STM32F1xx_HAL_Driver/Src/stm32f1xx_hal.o
 .debug_macro   0x0000000000000f74       0xef Drivers/STM32F1xx_HAL_Driver/Src/stm32f1xx_hal.o
 .debug_macro   0x0000000000001063       0x6a Drivers/STM32F1xx_HAL_Driver/Src/stm32f1xx_hal.o
 .debug_macro   0x00000000000010cd      0x1df Drivers/STM32F1xx_HAL_Driver/Src/stm32f1xx_hal.o
 .debug_macro   0x00000000000012ac       0x1c Drivers/STM32F1xx_HAL_Driver/Src/stm32f1xx_hal.o
 .debug_macro   0x00000000000012c8       0x22 Drivers/STM32F1xx_HAL_Driver/Src/stm32f1xx_hal.o
 .debug_macro   0x00000000000012ea       0xc3 Drivers/STM32F1xx_HAL_Driver/Src/stm32f1xx_hal.o
 .debug_macro   0x00000000000013ad      0xd23 Drivers/STM32F1xx_HAL_Driver/Src/stm32f1xx_hal.o
 .debug_macro   0x00000000000020d0     0xe09e Drivers/STM32F1xx_HAL_Driver/Src/stm32f1xx_hal.o
 .debug_macro   0x000000000001016e       0x43 Drivers/STM32F1xx_HAL_Driver/Src/stm32f1xx_hal.o
 .debug_macro   0x00000000000101b1      0x174 Drivers/STM32F1xx_HAL_Driver/Src/stm32f1xx_hal.o
 .debug_macro   0x0000000000010325       0x5a Drivers/STM32F1xx_HAL_Driver/Src/stm32f1xx_hal.o
 .debug_macro   0x000000000001037f      0x5be Drivers/STM32F1xx_HAL_Driver/Src/stm32f1xx_hal.o
 .debug_macro   0x000000000001093d      0x289 Drivers/STM32F1xx_HAL_Driver/Src/stm32f1xx_hal.o
 .debug_macro   0x0000000000010bc6      0x1cb Drivers/STM32F1xx_HAL_Driver/Src/stm32f1xx_hal.o
 .debug_macro   0x0000000000010d91      0x114 Drivers/STM32F1xx_HAL_Driver/Src/stm32f1xx_hal.o
 .debug_macro   0x0000000000010ea5      0x1b2 Drivers/STM32F1xx_HAL_Driver/Src/stm32f1xx_hal.o
 .debug_macro   0x0000000000011057       0x27 Drivers/STM32F1xx_HAL_Driver/Src/stm32f1xx_hal.o
 .debug_macro   0x000000000001107e      0x136 Drivers/STM32F1xx_HAL_Driver/Src/stm32f1xx_hal.o
 .debug_macro   0x00000000000111b4      0x1bc Drivers/STM32F1xx_HAL_Driver/Src/stm32f1xx_hal.o
 .debug_macro   0x0000000000011370       0x34 Drivers/STM32F1xx_HAL_Driver/Src/stm32f1xx_hal.o
 .debug_macro   0x00000000000113a4       0x3c Drivers/STM32F1xx_HAL_Driver/Src/stm32f1xx_hal.o
 .debug_macro   0x00000000000113e0       0x57 Drivers/STM32F1xx_HAL_Driver/Src/stm32f1xx_hal.o
 .debug_macro   0x0000000000011437       0x88 Drivers/STM32F1xx_HAL_Driver/Src/stm32f1xx_hal.o
 .debug_macro   0x00000000000114bf      0x241 Drivers/STM32F1xx_HAL_Driver/Src/stm32f1xx_hal.o
 .debug_macro   0x0000000000011700      0x141 Drivers/STM32F1xx_HAL_Driver/Src/stm32f1xx_hal.o
 .debug_macro   0x0000000000011841      0x88b Drivers/STM32F1xx_HAL_Driver/Src/stm32f1xx_hal.o
 .debug_macro   0x00000000000120cc       0x83 Drivers/STM32F1xx_HAL_Driver/Src/stm32f1xx_hal.o
 .debug_macro   0x000000000001214f      0x190 Drivers/STM32F1xx_HAL_Driver/Src/stm32f1xx_hal_cortex.o
 .debug_macro   0x00000000000122df      0x1fb Drivers/STM32F1xx_HAL_Driver/Src/stm32f1xx_hal_gpio.o
 .debug_macro   0x00000000000124da      0x1a2 Drivers/STM32F1xx_HAL_Driver/Src/stm32f1xx_hal_rcc.o
 .debug_macro   0x000000000001267c      0x1ae ECUAL/LCD16x2/LCD16x2.o
 .debug_macro   0x000000000001282a      0x19a ECUAL/LCD16x2/LCD16x2_cfg.o
 .debug_macro   0x00000000000129c4      0x1a4 Src/main.o
 .debug_macro   0x0000000000012b68      0x19a Src/stm32f1xx_hal_msp.o
 .debug_macro   0x0000000000012d02      0x1a4 Src/stm32f1xx_it.o
 .debug_macro   0x0000000000012ea6      0x196 Src/system_stm32f1xx.o
 .debug_macro   0x000000000001303c      0x19a util/DWT_Delay.o

.debug_line     0x0000000000000000     0x62d2
 .debug_line    0x0000000000000000      0x9b5 Drivers/STM32F1xx_HAL_Driver/Src/stm32f1xx_hal.o
 .debug_line    0x00000000000009b5      0xa8e Drivers/STM32F1xx_HAL_Driver/Src/stm32f1xx_hal_cortex.o
 .debug_line    0x0000000000001443      0x9b5 Drivers/STM32F1xx_HAL_Driver/Src/stm32f1xx_hal_gpio.o
 .debug_line    0x0000000000001df8      0xa77 Drivers/STM32F1xx_HAL_Driver/Src/stm32f1xx_hal_rcc.o
 .debug_line    0x000000000000286f      0x952 ECUAL/LCD16x2/LCD16x2.o
 .debug_line    0x00000000000031c1      0x7cb ECUAL/LCD16x2/LCD16x2_cfg.o
 .debug_line    0x000000000000398c      0x88f Src/main.o
 .debug_line    0x000000000000421b      0x7d8 Src/stm32f1xx_hal_msp.o
 .debug_line    0x00000000000049f3      0x87b Src/stm32f1xx_it.o
 .debug_line    0x000000000000526e      0x808 Src/system_stm32f1xx.o
 .debug_line    0x0000000000005a76       0x7f Startup/startup_stm32f103c8tx.o
 .debug_line    0x0000000000005af5      0x7dd util/DWT_Delay.o

.debug_str      0x0000000000000000    0x69fae
 .debug_str     0x0000000000000000    0x69126 Drivers/STM32F1xx_HAL_Driver/Src/stm32f1xx_hal.o
                                      0x6944f (size before relaxing)
 .debug_str     0x0000000000069126      0x320 Drivers/STM32F1xx_HAL_Driver/Src/stm32f1xx_hal_cortex.o
                                      0x6945d (size before relaxing)
 .debug_str     0x0000000000069446      0x3a9 Drivers/STM32F1xx_HAL_Driver/Src/stm32f1xx_hal_gpio.o
                                      0x69188 (size before relaxing)
 .debug_str     0x00000000000697ef      0x373 Drivers/STM32F1xx_HAL_Driver/Src/stm32f1xx_hal_rcc.o
                                      0x691c1 (size before relaxing)
 .debug_str     0x0000000000069b62      0x22b ECUAL/LCD16x2/LCD16x2.o
                                      0x6901f (size before relaxing)
 .debug_str     0x0000000000069d8d       0x1f ECUAL/LCD16x2/LCD16x2_cfg.o
                                      0x68de4 (size before relaxing)
 .debug_str     0x0000000000069dac       0x4b Src/main.o
                                      0x68f31 (size before relaxing)
 .debug_str     0x0000000000069df7       0x1b Src/stm32f1xx_hal_msp.o
                                      0x68dd2 (size before relaxing)
 .debug_str     0x0000000000069e12       0xb8 Src/stm32f1xx_it.o
                                      0x68def (size before relaxing)
 .debug_str     0x0000000000069eca       0x69 Src/system_stm32f1xx.o
                                      0x68e39 (size before relaxing)
 .debug_str     0x0000000000069f33       0x31 Startup/startup_stm32f103c8tx.o
                                         0x63 (size before relaxing)
 .debug_str     0x0000000000069f64       0x4a util/DWT_Delay.o
                                      0x68e3b (size before relaxing)

.comment        0x0000000000000000       0x7b
 .comment       0x0000000000000000       0x7b Drivers/STM32F1xx_HAL_Driver/Src/stm32f1xx_hal.o
                                         0x7c (size before relaxing)
 .comment       0x000000000000007b       0x7c Drivers/STM32F1xx_HAL_Driver/Src/stm32f1xx_hal_cortex.o
 .comment       0x000000000000007b       0x7c Drivers/STM32F1xx_HAL_Driver/Src/stm32f1xx_hal_gpio.o
 .comment       0x000000000000007b       0x7c Drivers/STM32F1xx_HAL_Driver/Src/stm32f1xx_hal_rcc.o
 .comment       0x000000000000007b       0x7c ECUAL/LCD16x2/LCD16x2.o
 .comment       0x000000000000007b       0x7c ECUAL/LCD16x2/LCD16x2_cfg.o
 .comment       0x000000000000007b       0x7c Src/main.o
 .comment       0x000000000000007b       0x7c Src/stm32f1xx_hal_msp.o
 .comment       0x000000000000007b       0x7c Src/stm32f1xx_it.o
 .comment       0x000000000000007b       0x7c Src/system_stm32f1xx.o
 .comment       0x000000000000007b       0x7c util/DWT_Delay.o

.debug_frame    0x0000000000000000      0xef8
 .debug_frame   0x0000000000000000      0x334 Drivers/STM32F1xx_HAL_Driver/Src/stm32f1xx_hal.o
 .debug_frame   0x0000000000000334      0x428 Drivers/STM32F1xx_HAL_Driver/Src/stm32f1xx_hal_cortex.o
 .debug_frame   0x000000000000075c      0x14c Drivers/STM32F1xx_HAL_Driver/Src/stm32f1xx_hal_gpio.o
 .debug_frame   0x00000000000008a8      0x21c Drivers/STM32F1xx_HAL_Driver/Src/stm32f1xx_hal_rcc.o
 .debug_frame   0x0000000000000ac4      0x184 ECUAL/LCD16x2/LCD16x2.o
 .debug_frame   0x0000000000000c48       0x98 Src/main.o
 .debug_frame   0x0000000000000ce0       0x38 Src/stm32f1xx_hal_msp.o
 .debug_frame   0x0000000000000d18      0x10c Src/stm32f1xx_it.o
 .debug_frame   0x0000000000000e24       0x58 Src/system_stm32f1xx.o
 .debug_frame   0x0000000000000e7c       0x30 util/DWT_Delay.o
 .debug_frame   0x0000000000000eac       0x2c e:/prog_files/stmicroelectronics/stm32cubeide_1.3.0/stm32cubeide/plugins/com.st.stm32cube.ide.mcu.externaltools.gnu-tools-for-stm32.7-2018-q2-update.win32_1.0.0.201904181610/tools/bin/../lib/gcc/arm-none-eabi/7.3.1/../../../../arm-none-eabi/lib/thumb/v7-m\libc_nano.a(lib_a-init.o)
 .debug_frame   0x0000000000000ed8       0x20 e:/prog_files/stmicroelectronics/stm32cubeide_1.3.0/stm32cubeide/plugins/com.st.stm32cube.ide.mcu.externaltools.gnu-tools-for-stm32.7-2018-q2-update.win32_1.0.0.201904181610/tools/bin/../lib/gcc/arm-none-eabi/7.3.1/../../../../arm-none-eabi/lib/thumb/v7-m\libc_nano.a(lib_a-memset.o)
